bun test v1.3.3 (274e01c7)
bun : 
At line:1 char:1
+ bun test apps/ser
ver/test/modules/ma
p.test.ts > test_ou
tput.txt 2>&1
+ ~~~~~~~~~~~~~~~~~
~~~~~~~~~~~~~~~~~~~
~~~~~~~~~~~~~~~~~~~
~~~~~~~~~~~~~
    + CategoryInfo 
             : No  
  tSpecified: (:   
 String) [], Re    
moteException
    + FullyQualifi 
   edErrorId : Na  
  tiveCommandErr   
 or
 
apps\server\test\mo
dules\map.test.ts:

# Unhandled error b
etween tests
-------------------
------------
1 | import { Databa
se } from "bun:sqli
te";
2 | import { drizzl
e } from "drizzle-o
rm/bun-sqlite";
3 | import * as sch
ema from "./schema"
;
4 | 
5 | const sqlite = 
new Database(proces
s.env.DATABASE_URL 
|| "dev.db");
                   
^
SQLiteError: unable
 to open database f
ile
      errno: 14,
 byteOffset: -1,
       code: "SQLIT
E_CANTOPEN"

      at new Databa
se (bun:sqlite:260:
28)
      at F:\proje\g
rezwanderer4\apps\s
erver\src\db\index.
ts:5:16
      at loadAndEva
luateModule (2:1)
-------------------
------------


 0 pass
 1 fail
 1 error
Ran 1 test across 1
 file. [383.00ms]
